Tools / compile / css / 0: |-
  .mh-sarsyj {
    --tw-bg-opacity: 1;
    background-color: rgba(209, 213, 219, var(--tw-bg-opacity));
    background-color: rgba(255, 255, 255, var(--tw-bg-opacity));
    font-weight: 700;
    --tw-text-opacity: 1;
    color: rgba(110, 231, 183, var(--tw-text-opacity));
  }
  @media (min-width: 640px) {
    .mh-sarsyj {
      --tw-bg-opacity: 1;
      background-color: rgba(243, 244, 246, var(--tw-bg-opacity));
    }
    .mh-sarsyj:hover {
      --tw-bg-opacity: 1;
      background-color: rgba(229, 231, 235, var(--tw-bg-opacity));
    }
    .dark .mh-sarsyj:hover {
      font-size: 1.125rem;
      line-height: 1.75rem;
    }
  }
Tools / compile important / important / 0: |-
  .mh-17we48r:hover {
    --tw-bg-opacity: 1 !important;
    background-color: rgba(239, 68, 68, var(--tw-bg-opacity)) !important;
    padding: 1rem !important;
  }
  .mh-17we48r:focus {
    border-width: 1px !important;
    float: right;
  }
  .mh-17we48r {
    font-weight: 700;
    --tw-text-opacity: 1 !important;
    color: rgba(110, 231, 183, var(--tw-text-opacity)) !important;
  }
Tools / compile order / css / 0: |-
  .mh-1kiu5fv {
    position: relative;
    position: fixed;
  }
